Atmosphère Crash Report (v1.7):
Result:                          0xD401 (2001-0106)

Process Info:
    Process Name:                Application
    Program ID:                  05e2b6d3eb447000
    Process ID:                  0000000000000090
    Process Flags:               00000073
    User Exception Address:      0000000024548000
Exception Info:
    Type:                        User Break
    Address:                     000000005ba03814 (hbl + 0x3814)
    Break Reason:                0x0
    Break Address:               00000000177ca72c
    Break Size:                  0x4
Crashed Thread Info:
    Thread ID:                   0000000000000903
    Stack Region:                00000000176cc000-00000000177cc000
    Registers:
        X[00]:                   0000000000000000
        X[01]:                   00000000177ca72c
        X[02]:                   0000000000000004
        X[03]:                   0000000000000000
        X[04]:                   0000000000000000
        X[05]:                   0000000000000000
        X[06]:                   0000000000000000
        X[07]:                   0000000000000000
        X[08]:                   0000000000000000
        X[09]:                   0000000000000000
        X[10]:                   0000000000000000
        X[11]:                   0000000000000000
        X[12]:                   0000000000000000
        X[13]:                   0000000000000000
        X[14]:                   0000000000000000
        X[15]:                   0000000000000000
        X[16]:                   0000000000000000
        X[17]:                   0000000000000000
        X[18]:                   0000000000000000
        X[19]:                   0000000000000000
        X[20]:                   0000000000000000
        X[21]:                   0000000000000000
        X[22]:                   0000000000000000
        X[23]:                   0000000000000000
        X[24]:                   0000000000000000
        X[25]:                   0000000000000000
        X[26]:                   0000000000000000
        X[27]:                   0000000000000000
        X[28]:                   0000000000000000
        FP:                      00000000177ca710
        LR:                      000000005ba0373c (hbl + 0x373c)
        SP:                      00000000177ca710
        PC:                      000000005ba03810 (hbl + 0x3810)
    Stack Trace:
        ReturnAddress[00]:       000000005ba0054c (hbl + 0x54c)
        ReturnAddress[01]:       0000000578a2b6fc
        ReturnAddress[02]:       0000000578a1bdc8
        ReturnAddress[03]:       0000000578ab3138
        ReturnAddress[04]:       00000005771f2674
        ReturnAddress[05]:       00000005771f2640
        ReturnAddress[06]:       0000000578a2b6fc
        ReturnAddress[07]:       0000000578a1bdc8
        ReturnAddress[08]:       0000000578ab3138
        ReturnAddress[09]:       00000005771f2674
        ReturnAddress[10]:       00000005771f2640
        ReturnAddress[11]:       0000000578a2b6fc
        ReturnAddress[12]:       0000000578a1bdc8
        ReturnAddress[13]:       0000000578ab3138
        ReturnAddress[14]:       00000005771f2674
        ReturnAddress[15]:       00000005771f2640
        ReturnAddress[16]:       0000000578a2b6fc
        ReturnAddress[17]:       0000000578a1bdc8
        ReturnAddress[18]:       0000000578ab3138
        ReturnAddress[19]:       00000005771f2674
        ReturnAddress[20]:       00000005771f2640
        ReturnAddress[21]:       0000000578a2b6fc
        ReturnAddress[22]:       0000000578a1bdc8
        ReturnAddress[23]:       0000000578ab3138
        ReturnAddress[24]:       00000005771f2674
        ReturnAddress[25]:       00000005771f2640
        ReturnAddress[26]:       0000000578a2b6fc
        ReturnAddress[27]:       0000000578a1bdc8
        ReturnAddress[28]:       0000000578ab3138
        ReturnAddress[29]:       00000005771f2674
        ReturnAddress[30]:       00000005771f2640
        ReturnAddress[31]:       0000000578a2b6fc
    Stack Dump:                               00 01 02 03 04 05 06 07 08 09 0a 0b 0c 0d 0e 0f
                                 0000177ca710 30 a7 7c 17 00 00 00 00 4c 05 a0 5b 00 00 00 00
                                 0000177ca720 00 00 00 00 00 00 00 00 00 00 00 c7 01 d4 00 00
                                 0000177ca730 b0 bf 7c 17 00 00 00 00 fc b6 a2 78 05 00 00 00
                                 0000177ca740 00 00 00 00 00 00 00 00 08 90 a0 5b 00 00 00 00
                                 0000177ca750 ba a9 a0 5b 00 00 00 00 00 90 a0 5b 00 00 00 00
                                 0000177ca760 00 b0 2c 6c 0a 00 00 00 00 90 a0 5b 00 00 00 00
                                 0000177ca770 08 90 a0 5b 00 00 00 00 ff ff ff ff ff ff ff ff
                                 0000177ca780 b4 0f a0 5b 00 00 00 00 00 c0 7c 17 00 00 00 00
                                 0000177ca790 00 a8 7c 17 00 00 00 00 00 90 68 00 00 b0 96 01
                                 0000177ca7a0 00 00 00 00 00 00 00 00 00 00 00 00 00 00 00 00
                                 0000177ca7b0 fd 81 02 00 00 00 00 00 8f 00 00 00 00 08 00 00
                                 0000177ca7c0 00 00 00 00 00 00 00 00 70 ac 7c 17 00 00 00 00
                                 0000177ca7d0 04 00 00 00 00 00 00 00 60 ac 7c 17 00 00 00 00
                                 0000177ca7e0 00 a8 7c 17 00 00 00 00 28 a7 a2 78 05 00 00 00
                                 0000177ca7f0 10 00 00 00 00 00 00 00 60 ac 7c 17 00 00 00 00
                                 0000177ca800 fd 81 02 00 00 00 00 00 90 00 00 00 00 08 00 00
    TLS Address:                 0000000024548200
    TLS Dump:                                 00 01 02 03 04 05 06 07 08 09 0a 0b 0c 0d 0e 0f
                                 000024548200 04 00 00 01 12 00 00 00 00 00 00 c7 00 00 e0 67
                                 000024548210 01 00 00 a0 00 00 00 00 00 00 00 00 00 00 00 00
                                 000024548220 01 00 28 00 8f 00 00 00 00 00 00 00 00 00 00 00
                                 000024548230 53 46 43 49 00 00 00 00 00 00 00 00 00 00 00 00
                                 000024548240 00 00 00 00 00 00 00 00 00 00 00 00 00 00 00 00
                                 000024548250 00 00 00 c7 00 00 00 00 00 00 04 00 00 00 00 00
                                 000024548260 52 45 56 34 18 00 00 00 68 b0 7c 17 00 00 18 00
                                 000024548270 90 00 00 00 00 00 00 00 90 00 00 00 00 00 00 00
                                 000024548280 00 00 00 00 00 00 00 00 00 00 00 00 00 00 00 00
                                 000024548290 00 00 00 00 00 00 00 00 00 00 00 00 00 00 00 00
                                 0000245482a0 00 00 00 00 00 00 00 00 00 00 00 00 00 00 00 00
                                 0000245482b0 01 00 00 00 00 00 00 00 00 00 00 00 00 00 00 00
                                 0000245482c0 00 00 00 00 00 00 00 00 00 00 00 00 00 00 00 00
                                 0000245482d0 00 00 00 00 00 00 00 00 00 00 00 00 00 00 00 00
                                 0000245482e0 00 00 00 00 00 00 00 00 00 00 00 00 00 00 00 00
                                 0000245482f0 00 00 00 00 00 00 00 00 00 00 00 00 00 00 00 00
Module Info:
    Number of Modules:           01
    Module 00:
        Address:                 000000005ba00000-000000005ba06000
        Name:                    hbl
        Module Id:               ED0945C3C6838D03DD60544D5ED13764BF91032C000000000000000000000000
Thread Report:
Number of Threads:               01
Threads[00]:
    Thread ID:                   0000000000000903
    Stack Region:                00000000176cc000-00000000177cc000
    Registers:
        X[00]:                   0000000000000000
        X[01]:                   00000000177ca72c
        X[02]:                   0000000000000004
        X[03]:                   0000000000000000
        X[04]:                   0000000000000000
        X[05]:                   0000000000000000
        X[06]:                   0000000000000000
        X[07]:                   0000000000000000
        X[08]:                   0000000000000000
        X[09]:                   0000000000000000
        X[10]:                   0000000000000000
        X[11]:                   0000000000000000
        X[12]:                   0000000000000000
        X[13]:                   0000000000000000
        X[14]:                   0000000000000000
        X[15]:                   0000000000000000
        X[16]:                   0000000000000000
        X[17]:                   0000000000000000
        X[18]:                   0000000000000000
        X[19]:                   0000000000000000
        X[20]:                   0000000000000000
        X[21]:                   0000000000000000
        X[22]:                   0000000000000000
        X[23]:                   0000000000000000
        X[24]:                   0000000000000000
        X[25]:                   0000000000000000
        X[26]:                   0000000000000000
        X[27]:                   0000000000000000
        X[28]:                   0000000000000000
        FP:                      00000000177ca710
        LR:                      000000005ba0373c (hbl + 0x373c)
        SP:                      00000000177ca710
        PC:                      000000005ba03810 (hbl + 0x3810)
    Stack Trace:
        ReturnAddress[00]:       000000005ba0054c (hbl + 0x54c)
        ReturnAddress[01]:       0000000578a2b6fc
        ReturnAddress[02]:       0000000578a1bdc8
        ReturnAddress[03]:       0000000578ab3138
        ReturnAddress[04]:       00000005771f2674
        ReturnAddress[05]:       00000005771f2640
        ReturnAddress[06]:       0000000578a2b6fc
        ReturnAddress[07]:       0000000578a1bdc8
        ReturnAddress[08]:       0000000578ab3138
        ReturnAddress[09]:       00000005771f2674
        ReturnAddress[10]:       00000005771f2640
        ReturnAddress[11]:       0000000578a2b6fc
        ReturnAddress[12]:       0000000578a1bdc8
        ReturnAddress[13]:       0000000578ab3138
        ReturnAddress[14]:       00000005771f2674
        ReturnAddress[15]:       00000005771f2640
        ReturnAddress[16]:       0000000578a2b6fc
        ReturnAddress[17]:       0000000578a1bdc8
        ReturnAddress[18]:       0000000578ab3138
        ReturnAddress[19]:       00000005771f2674
        ReturnAddress[20]:       00000005771f2640
        ReturnAddress[21]:       0000000578a2b6fc
        ReturnAddress[22]:       0000000578a1bdc8
        ReturnAddress[23]:       0000000578ab3138
        ReturnAddress[24]:       00000005771f2674
        ReturnAddress[25]:       00000005771f2640
        ReturnAddress[26]:       0000000578a2b6fc
        ReturnAddress[27]:       0000000578a1bdc8
        ReturnAddress[28]:       0000000578ab3138
        ReturnAddress[29]:       00000005771f2674
        ReturnAddress[30]:       00000005771f2640
        ReturnAddress[31]:       0000000578a2b6fc
    Stack Dump:                               00 01 02 03 04 05 06 07 08 09 0a 0b 0c 0d 0e 0f
                                 0000177ca710 30 a7 7c 17 00 00 00 00 4c 05 a0 5b 00 00 00 00
                                 0000177ca720 00 00 00 00 00 00 00 00 00 00 00 c7 01 d4 00 00
                                 0000177ca730 b0 bf 7c 17 00 00 00 00 fc b6 a2 78 05 00 00 00
                                 0000177ca740 00 00 00 00 00 00 00 00 08 90 a0 5b 00 00 00 00
                                 0000177ca750 ba a9 a0 5b 00 00 00 00 00 90 a0 5b 00 00 00 00
                                 0000177ca760 00 b0 2c 6c 0a 00 00 00 00 90 a0 5b 00 00 00 00
                                 0000177ca770 08 90 a0 5b 00 00 00 00 ff ff ff ff ff ff ff ff
                                 0000177ca780 b4 0f a0 5b 00 00 00 00 00 c0 7c 17 00 00 00 00
                                 0000177ca790 00 a8 7c 17 00 00 00 00 00 90 68 00 00 b0 96 01
                                 0000177ca7a0 00 00 00 00 00 00 00 00 00 00 00 00 00 00 00 00
                                 0000177ca7b0 fd 81 02 00 00 00 00 00 8f 00 00 00 00 08 00 00
                                 0000177ca7c0 00 00 00 00 00 00 00 00 70 ac 7c 17 00 00 00 00
                                 0000177ca7d0 04 00 00 00 00 00 00 00 60 ac 7c 17 00 00 00 00
                                 0000177ca7e0 00 a8 7c 17 00 00 00 00 28 a7 a2 78 05 00 00 00
                                 0000177ca7f0 10 00 00 00 00 00 00 00 60 ac 7c 17 00 00 00 00
                                 0000177ca800 fd 81 02 00 00 00 00 00 90 00 00 00 00 08 00 00
    TLS Address:                 0000000024548200
    TLS Dump:                                 00 01 02 03 04 05 06 07 08 09 0a 0b 0c 0d 0e 0f
                                 000024548200 04 00 00 01 12 00 00 00 00 00 00 c7 00 00 e0 67
                                 000024548210 01 00 00 a0 00 00 00 00 00 00 00 00 00 00 00 00
                                 000024548220 01 00 28 00 8f 00 00 00 00 00 00 00 00 00 00 00
                                 000024548230 53 46 43 49 00 00 00 00 00 00 00 00 00 00 00 00
                                 000024548240 00 00 00 00 00 00 00 00 00 00 00 00 00 00 00 00
                                 000024548250 00 00 00 c7 00 00 00 00 00 00 04 00 00 00 00 00
                                 000024548260 52 45 56 34 18 00 00 00 68 b0 7c 17 00 00 18 00
                                 000024548270 90 00 00 00 00 00 00 00 90 00 00 00 00 00 00 00
                                 000024548280 00 00 00 00 00 00 00 00 00 00 00 00 00 00 00 00
                                 000024548290 00 00 00 00 00 00 00 00 00 00 00 00 00 00 00 00
                                 0000245482a0 00 00 00 00 00 00 00 00 00 00 00 00 00 00 00 00
                                 0000245482b0 01 00 00 00 00 00 00 00 00 00 00 00 00 00 00 00
                                 0000245482c0 00 00 00 00 00 00 00 00 00 00 00 00 00 00 00 00
                                 0000245482d0 00 00 00 00 00 00 00 00 00 00 00 00 00 00 00 00
                                 0000245482e0 00 00 00 00 00 00 00 00 00 00 00 00 00 00 00 00
                                 0000245482f0 00 00 00 00 00 00 00 00 00 00 00 00 00 00 00 00
